STAR version=2.7.1a
STAR compilation time,server,dir=Tue May 14 12:14:27 EDT 2019 vega:/home/dobin/data/STAR/STARcode/STAR.master/source
##### DEFAULT parameters:
versionGenome                     2.7.1a
parametersFiles                   -   
sysShell                          -
runMode                           alignReads
runThreadN                        1
runDirPerm                        User_RWX
runRNGseed                        777
genomeDir                         ./GenomeDir/
genomeLoad                        NoSharedMemory
genomeFastaFiles                  -   
genomeChainFiles                  -   
genomeSAindexNbases               14
genomeChrBinNbits                 18
genomeSAsparseD                   1
genomeSuffixLengthMax             18446744073709551615
genomeFileSizes                   0   
genomeConsensusFile               -
readFilesType                     Fastx   
readFilesIn                       Read1   Read2   
readFilesPrefix                   -
readFilesCommand                  -   
readMatesLengthsIn                NotEqual
readMapNumber                     18446744073709551615
readNameSeparator                 /   
inputBAMfile                      -
bamRemoveDuplicatesType           -
bamRemoveDuplicatesMate2basesN    0
limitGenomeGenerateRAM            31000000000
limitIObufferSize                 150000000
limitOutSAMoneReadBytes           100000
limitOutSJcollapsed               1000000
limitOutSJoneRead                 1000
limitBAMsortRAM                   0
limitSjdbInsertNsj                1000000
limitNreadsSoft                   18446744073709551615
outFileNamePrefix                 ./
outTmpDir                         -
outTmpKeep                        None
outStd                            Log
outReadsUnmapped                  None
outQSconversionAdd                0
outMultimapperOrder               Old_2.4
outSAMtype                        SAM   
outSAMmode                        Full
outSAMstrandField                 None
outSAMattributes                  Standard   
outSAMunmapped                    None   
outSAMorder                       Paired
outSAMprimaryFlag                 OneBestScore
outSAMreadID                      Standard
outSAMmapqUnique                  255
outSAMflagOR                      0
outSAMflagAND                     65535
outSAMattrRGline                  -   
outSAMheaderHD                    -   
outSAMheaderPG                    -   
outSAMheaderCommentFile           -
outBAMcompression                 1
outBAMsortingThreadN              0
outBAMsortingBinsN                50
outSAMfilter                      None   
outSAMmultNmax                    18446744073709551615
outSAMattrIHstart                 1
outSAMtlen                        1
outSJfilterReads                  All
outSJfilterCountUniqueMin         3   1   1   1   
outSJfilterCountTotalMin          3   1   1   1   
outSJfilterOverhangMin            30   12   12   12   
outSJfilterDistToOtherSJmin       10   0   5   10   
outSJfilterIntronMaxVsReadN       50000   100000   200000   
outWigType                        None   
outWigStrand                      Stranded   
outWigReferencesPrefix            -
outWigNorm                        RPM   
outFilterType                     Normal
outFilterMultimapNmax             10
outFilterMultimapScoreRange       1
outFilterScoreMin                 0
outFilterScoreMinOverLread        0.66
outFilterMatchNmin                0
outFilterMatchNminOverLread       0.66
outFilterMismatchNmax             10
outFilterMismatchNoverLmax        0.3
outFilterMismatchNoverReadLmax    1
outFilterIntronMotifs             None
outFilterIntronStrands            RemoveInconsistentStrands
clip5pNbases                      0   
clip3pNbases                      0   
clip3pAfterAdapterNbases          0   
clip3pAdapterSeq                  -   
clip3pAdapterMMp                  0.1   
winBinNbits                       16
winAnchorDistNbins                9
winFlankNbins                     4
winAnchorMultimapNmax             50
winReadCoverageRelativeMin        0.5
winReadCoverageBasesMin           0
scoreGap                          0
scoreGapNoncan                    -8
scoreGapGCAG                      -4
scoreGapATAC                      -8
scoreStitchSJshift                1
scoreGenomicLengthLog2scale       -0.25
scoreDelBase                      -2
scoreDelOpen                      -2
scoreInsOpen                      -2
scoreInsBase                      -2
seedSearchLmax                    0
seedSearchStartLmax               50
seedSearchStartLmaxOverLread      1
seedPerReadNmax                   1000
seedPerWindowNmax                 50
seedNoneLociPerWindow             10
seedMultimapNmax                  10000
seedSplitMin                      12
alignIntronMin                    21
alignIntronMax                    0
alignMatesGapMax                  0
alignTranscriptsPerReadNmax       10000
alignSJoverhangMin                5
alignSJDBoverhangMin              3
alignSJstitchMismatchNmax         0   -1   0   0   
alignSplicedMateMapLmin           0
alignSplicedMateMapLminOverLmate    0.66
alignWindowsPerReadNmax           10000
alignTranscriptsPerWindowNmax     100
alignEndsType                     Local
alignSoftClipAtReferenceEnds      Yes
alignEndsProtrude                 0   ConcordantPair   
alignInsertionFlush               None
peOverlapNbasesMin                0
peOverlapMMp                      0.01
chimSegmentMin                    0
chimScoreMin                      0
chimScoreDropMax                  20
chimScoreSeparation               10
chimScoreJunctionNonGTAG          -1
chimMainSegmentMultNmax           10
chimJunctionOverhangMin           20
chimOutType                       Junctions   
chimFilter                        banGenomicN   
chimSegmentReadGapMax             0
chimMultimapNmax                  0
chimMultimapScoreRange            1
chimNonchimScoreDropMin           20
chimOutJunctionFormat             0   
sjdbFileChrStartEnd               -   
sjdbGTFfile                       -
sjdbGTFchrPrefix                  -
sjdbGTFfeatureExon                exon
sjdbGTFtagExonParentTranscript    transcript_id
sjdbGTFtagExonParentGene          gene_id
sjdbGTFtagExonParentGeneName      gene_name   
sjdbGTFtagExonParentGeneType      gene_type   gene_biotype   
sjdbOverhang                      100
sjdbScore                         2
sjdbInsertSave                    Basic
varVCFfile                        -
waspOutputMode                    None
quantMode                         -   
quantTranscriptomeBAMcompression    1
quantTranscriptomeBan             IndelSoftclipSingleend
twopass1readsN                    18446744073709551615
twopassMode                       None
soloType                          None
soloCBstart                       1
soloUMIstart                      17
soloCBlen                         16
soloUMIlen                        10
soloBarcodeReadLength             1
soloCBwhitelist                   -
soloStrand                        Forward
soloOutFileNames                  Solo.out/   genes.tsv   barcodes.tsv   matrix.mtx   matrixSJ.mtx   matrixGeneFull.mtx   
soloFeatures                      Gene   
soloUMIdedup                      1MM_All   
##### Command Line:
/data/cb_projects/tools/STAR-2.7.1a/bin/Linux_x86_64_static/STAR --runMode genomeGenerate --runThreadN 16 --genomeDir Sscrofa10.2.chr12_star2.7.1a/ --genomeFastaFiles Sus_scrofa.Sscrofa10.2.dna.toplevel.chr12.fa --genomeSAindexNbases 12 --genomeChrBinNbits 18 --genomeSAsparseD 3 --limitGenomeGenerateRAM 17179869184 --sjdbGTFfile Sus_scrofa.Sscrofa10.2.86.chr12.gtf
##### Initial USER parameters from Command Line:
###### All USER parameters from Command Line:
runMode                       genomeGenerate     ~RE-DEFINED
runThreadN                    16     ~RE-DEFINED
genomeDir                     Sscrofa10.2.chr12_star2.7.1a/     ~RE-DEFINED
genomeFastaFiles              Sus_scrofa.Sscrofa10.2.dna.toplevel.chr12.fa        ~RE-DEFINED
genomeSAindexNbases           12     ~RE-DEFINED
genomeChrBinNbits             18     ~RE-DEFINED
genomeSAsparseD               3     ~RE-DEFINED
limitGenomeGenerateRAM        17179869184     ~RE-DEFINED
sjdbGTFfile                   Sus_scrofa.Sscrofa10.2.86.chr12.gtf     ~RE-DEFINED
##### Finished reading parameters from all sources

##### Final user re-defined parameters-----------------:
runMode                           genomeGenerate
runThreadN                        16
genomeDir                         Sscrofa10.2.chr12_star2.7.1a/
genomeFastaFiles                  Sus_scrofa.Sscrofa10.2.dna.toplevel.chr12.fa   
genomeSAindexNbases               12
genomeChrBinNbits                 18
genomeSAsparseD                   3
limitGenomeGenerateRAM            17179869184
sjdbGTFfile                       Sus_scrofa.Sscrofa10.2.86.chr12.gtf

-------------------------------
##### Final effective command line:
/data/cb_projects/tools/STAR-2.7.1a/bin/Linux_x86_64_static/STAR   --runMode genomeGenerate   --runThreadN 16   --genomeDir Sscrofa10.2.chr12_star2.7.1a/   --genomeFastaFiles Sus_scrofa.Sscrofa10.2.dna.toplevel.chr12.fa      --genomeSAindexNbases 12   --genomeChrBinNbits 18   --genomeSAsparseD 3   --limitGenomeGenerateRAM 17179869184   --sjdbGTFfile Sus_scrofa.Sscrofa10.2.86.chr12.gtf

##### Final parameters after user input--------------------------------:
versionGenome                     2.7.1a
parametersFiles                   -   
sysShell                          -
runMode                           genomeGenerate
runThreadN                        16
runDirPerm                        User_RWX
runRNGseed                        777
genomeDir                         Sscrofa10.2.chr12_star2.7.1a/
genomeLoad                        NoSharedMemory
genomeFastaFiles                  Sus_scrofa.Sscrofa10.2.dna.toplevel.chr12.fa   
genomeChainFiles                  -   
genomeSAindexNbases               12
genomeChrBinNbits                 18
genomeSAsparseD                   3
genomeSuffixLengthMax             18446744073709551615
genomeFileSizes                   0   
genomeConsensusFile               -
readFilesType                     Fastx   
readFilesIn                       Read1   Read2   
readFilesPrefix                   -
readFilesCommand                  -   
readMatesLengthsIn                NotEqual
readMapNumber                     18446744073709551615
readNameSeparator                 /   
inputBAMfile                      -
bamRemoveDuplicatesType           -
bamRemoveDuplicatesMate2basesN    0
limitGenomeGenerateRAM            17179869184
limitIObufferSize                 150000000
limitOutSAMoneReadBytes           100000
limitOutSJcollapsed               1000000
limitOutSJoneRead                 1000
limitBAMsortRAM                   0
limitSjdbInsertNsj                1000000
limitNreadsSoft                   18446744073709551615
outFileNamePrefix                 ./
outTmpDir                         -
outTmpKeep                        None
outStd                            Log
outReadsUnmapped                  None
outQSconversionAdd                0
outMultimapperOrder               Old_2.4
outSAMtype                        SAM   
outSAMmode                        Full
outSAMstrandField                 None
outSAMattributes                  Standard   
outSAMunmapped                    None   
outSAMorder                       Paired
outSAMprimaryFlag                 OneBestScore
outSAMreadID                      Standard
outSAMmapqUnique                  255
outSAMflagOR                      0
outSAMflagAND                     65535
outSAMattrRGline                  -   
outSAMheaderHD                    -   
outSAMheaderPG                    -   
outSAMheaderCommentFile           -
outBAMcompression                 1
outBAMsortingThreadN              0
outBAMsortingBinsN                50
outSAMfilter                      None   
outSAMmultNmax                    18446744073709551615
outSAMattrIHstart                 1
outSAMtlen                        1
outSJfilterReads                  All
outSJfilterCountUniqueMin         3   1   1   1   
outSJfilterCountTotalMin          3   1   1   1   
outSJfilterOverhangMin            30   12   12   12   
outSJfilterDistToOtherSJmin       10   0   5   10   
outSJfilterIntronMaxVsReadN       50000   100000   200000   
outWigType                        None   
outWigStrand                      Stranded   
outWigReferencesPrefix            -
outWigNorm                        RPM   
outFilterType                     Normal
outFilterMultimapNmax             10
outFilterMultimapScoreRange       1
outFilterScoreMin                 0
outFilterScoreMinOverLread        0.66
outFilterMatchNmin                0
outFilterMatchNminOverLread       0.66
outFilterMismatchNmax             10
outFilterMismatchNoverLmax        0.3
outFilterMismatchNoverReadLmax    1
outFilterIntronMotifs             None
outFilterIntronStrands            RemoveInconsistentStrands
clip5pNbases                      0   
clip3pNbases                      0   
clip3pAfterAdapterNbases          0   
clip3pAdapterSeq                  -   
clip3pAdapterMMp                  0.1   
winBinNbits                       16
winAnchorDistNbins                9
winFlankNbins                     4
winAnchorMultimapNmax             50
winReadCoverageRelativeMin        0.5
winReadCoverageBasesMin           0
scoreGap                          0
scoreGapNoncan                    -8
scoreGapGCAG                      -4
scoreGapATAC                      -8
scoreStitchSJshift                1
scoreGenomicLengthLog2scale       -0.25
scoreDelBase                      -2
scoreDelOpen                      -2
scoreInsOpen                      -2
scoreInsBase                      -2
seedSearchLmax                    0
seedSearchStartLmax               50
seedSearchStartLmaxOverLread      1
seedPerReadNmax                   1000
seedPerWindowNmax                 50
seedNoneLociPerWindow             10
seedMultimapNmax                  10000
seedSplitMin                      12
alignIntronMin                    21
alignIntronMax                    0
alignMatesGapMax                  0
alignTranscriptsPerReadNmax       10000
alignSJoverhangMin                5
alignSJDBoverhangMin              3
alignSJstitchMismatchNmax         0   -1   0   0   
alignSplicedMateMapLmin           0
alignSplicedMateMapLminOverLmate    0.66
alignWindowsPerReadNmax           10000
alignTranscriptsPerWindowNmax     100
alignEndsType                     Local
alignSoftClipAtReferenceEnds      Yes
alignEndsProtrude                 0   ConcordantPair   
alignInsertionFlush               None
peOverlapNbasesMin                0
peOverlapMMp                      0.01
chimSegmentMin                    0
chimScoreMin                      0
chimScoreDropMax                  20
chimScoreSeparation               10
chimScoreJunctionNonGTAG          -1
chimMainSegmentMultNmax           10
chimJunctionOverhangMin           20
chimOutType                       Junctions   
chimFilter                        banGenomicN   
chimSegmentReadGapMax             0
chimMultimapNmax                  0
chimMultimapScoreRange            1
chimNonchimScoreDropMin           20
chimOutJunctionFormat             0   
sjdbFileChrStartEnd               -   
sjdbGTFfile                       Sus_scrofa.Sscrofa10.2.86.chr12.gtf
sjdbGTFchrPrefix                  -
sjdbGTFfeatureExon                exon
sjdbGTFtagExonParentTranscript    transcript_id
sjdbGTFtagExonParentGene          gene_id
sjdbGTFtagExonParentGeneName      gene_name   
sjdbGTFtagExonParentGeneType      gene_type   gene_biotype   
sjdbOverhang                      100
sjdbScore                         2
sjdbInsertSave                    Basic
varVCFfile                        -
waspOutputMode                    None
quantMode                         -   
quantTranscriptomeBAMcompression    1
quantTranscriptomeBan             IndelSoftclipSingleend
twopass1readsN                    18446744073709551615
twopassMode                       None
soloType                          None
soloCBstart                       1
soloUMIstart                      17
soloCBlen                         16
soloUMIlen                        10
soloBarcodeReadLength             1
soloCBwhitelist                   -
soloStrand                        Forward
soloOutFileNames                  Solo.out/   genes.tsv   barcodes.tsv   matrix.mtx   matrixSJ.mtx   matrixGeneFull.mtx   
soloFeatures                      Gene   
soloUMIdedup                      1MM_All   
----------------------------------------

Finished loading and checking parameters
Feb 07 13:34:25 ... starting to generate Genome files
Sus_scrofa.Sscrofa10.2.dna.toplevel.chr12.fa : chr # 0  "12" chrStart: 0
Sus_scrofa.Sscrofa10.2.dna.toplevel.chr12.fa : chr # 1  "JH118612.1" chrStart: 63700992
Sus_scrofa.Sscrofa10.2.dna.toplevel.chr12.fa : chr # 2  "JH118712.1" chrStart: 63963136
Sus_scrofa.Sscrofa10.2.dna.toplevel.chr12.fa : chr # 3  "JH118912.1" chrStart: 64225280
Sus_scrofa.Sscrofa10.2.dna.toplevel.chr12.fa : chr # 4  "JH118412.1" chrStart: 64487424
Sus_scrofa.Sscrofa10.2.dna.toplevel.chr12.fa : chr # 5  "GL895128.2" chrStart: 64749568
Sus_scrofa.Sscrofa10.2.dna.toplevel.chr12.fa : chr # 6  "GL893127.2" chrStart: 65011712
Sus_scrofa.Sscrofa10.2.dna.toplevel.chr12.fa : chr # 7  "GL893124.1" chrStart: 65273856
Sus_scrofa.Sscrofa10.2.dna.toplevel.chr12.fa : chr # 8  "GL896312.2" chrStart: 65536000
Sus_scrofa.Sscrofa10.2.dna.toplevel.chr12.fa : chr # 9  "GL893128.1" chrStart: 65798144
Sus_scrofa.Sscrofa10.2.dna.toplevel.chr12.fa : chr # 10  "GL895312.2" chrStart: 66060288
Sus_scrofa.Sscrofa10.2.dna.toplevel.chr12.fa : chr # 11  "GL893120.1" chrStart: 66322432
Sus_scrofa.Sscrofa10.2.dna.toplevel.chr12.fa : chr # 12  "GL894312.1" chrStart: 66584576
Sus_scrofa.Sscrofa10.2.dna.toplevel.chr12.fa : chr # 13  "GL894126.2" chrStart: 66846720
Sus_scrofa.Sscrofa10.2.dna.toplevel.chr12.fa : chr # 14  "GL895120.1" chrStart: 67108864
Sus_scrofa.Sscrofa10.2.dna.toplevel.chr12.fa : chr # 15  "GL895127.2" chrStart: 67371008
Sus_scrofa.Sscrofa10.2.dna.toplevel.chr12.fa : chr # 16  "GL894125.1" chrStart: 67633152
Sus_scrofa.Sscrofa10.2.dna.toplevel.chr12.fa : chr # 17  "GL893125.2" chrStart: 67895296
Sus_scrofa.Sscrofa10.2.dna.toplevel.chr12.fa : chr # 18  "GL895121.2" chrStart: 68157440
Sus_scrofa.Sscrofa10.2.dna.toplevel.chr12.fa : chr # 19  "GL896120.1" chrStart: 68419584
Sus_scrofa.Sscrofa10.2.dna.toplevel.chr12.fa : chr # 20  "JH118512.1" chrStart: 68681728
Sus_scrofa.Sscrofa10.2.dna.toplevel.chr12.fa : chr # 21  "JH118812.1" chrStart: 68943872
Sus_scrofa.Sscrofa10.2.dna.toplevel.chr12.fa : chr # 22  "GL894122.1" chrStart: 69206016
Sus_scrofa.Sscrofa10.2.dna.toplevel.chr12.fa : chr # 23  "GL895124.2" chrStart: 69468160
Sus_scrofa.Sscrofa10.2.dna.toplevel.chr12.fa : chr # 24  "GL894124.2" chrStart: 69730304
Sus_scrofa.Sscrofa10.2.dna.toplevel.chr12.fa : chr # 25  "GL893129.2" chrStart: 69992448
Sus_scrofa.Sscrofa10.2.dna.toplevel.chr12.fa : chr # 26  "GL896212.1" chrStart: 70254592
Sus_scrofa.Sscrofa10.2.dna.toplevel.chr12.fa : chr # 27  "GL896412.1" chrStart: 70516736
Sus_scrofa.Sscrofa10.2.dna.toplevel.chr12.fa : chr # 28  "GL895129.1" chrStart: 70778880
Sus_scrofa.Sscrofa10.2.dna.toplevel.chr12.fa : chr # 29  "GL893121.1" chrStart: 71041024
Sus_scrofa.Sscrofa10.2.dna.toplevel.chr12.fa : chr # 30  "GL894127.1" chrStart: 71303168
Sus_scrofa.Sscrofa10.2.dna.toplevel.chr12.fa : chr # 31  "GL894120.1" chrStart: 71565312
Sus_scrofa.Sscrofa10.2.dna.toplevel.chr12.fa : chr # 32  "GL895412.1" chrStart: 71827456
Sus_scrofa.Sscrofa10.2.dna.toplevel.chr12.fa : chr # 33  "GL895122.2" chrStart: 72089600
Sus_scrofa.Sscrofa10.2.dna.toplevel.chr12.fa : chr # 34  "GL896012.1" chrStart: 72351744
Sus_scrofa.Sscrofa10.2.dna.toplevel.chr12.fa : chr # 35  "GL894129.2" chrStart: 72613888
Sus_scrofa.Sscrofa10.2.dna.toplevel.chr12.fa : chr # 36  "GL895912.1" chrStart: 72876032
Sus_scrofa.Sscrofa10.2.dna.toplevel.chr12.fa : chr # 37  "GL896125.1" chrStart: 73138176
Sus_scrofa.Sscrofa10.2.dna.toplevel.chr12.fa : chr # 38  "GL895812.1" chrStart: 73400320
Sus_scrofa.Sscrofa10.2.dna.toplevel.chr12.fa : chr # 39  "GL896127.1" chrStart: 73662464
Sus_scrofa.Sscrofa10.2.dna.toplevel.chr12.fa : chr # 40  "GL896512.1" chrStart: 73924608
Sus_scrofa.Sscrofa10.2.dna.toplevel.chr12.fa : chr # 41  "GL895712.1" chrStart: 74186752
Sus_scrofa.Sscrofa10.2.dna.toplevel.chr12.fa : chr # 42  "GL895612.1" chrStart: 74448896
Sus_scrofa.Sscrofa10.2.dna.toplevel.chr12.fa : chr # 43  "GL896112.1" chrStart: 74711040
Sus_scrofa.Sscrofa10.2.dna.toplevel.chr12.fa : chr # 44  "GL895512.1" chrStart: 74973184
Sus_scrofa.Sscrofa10.2.dna.toplevel.chr12.fa : chr # 45  "GL896122.1" chrStart: 75235328
Sus_scrofa.Sscrofa10.2.dna.toplevel.chr12.fa : chr # 46  "GL895212.1" chrStart: 75497472
Sus_scrofa.Sscrofa10.2.dna.toplevel.chr12.fa : chr # 47  "GL895123.1" chrStart: 75759616
Sus_scrofa.Sscrofa10.2.dna.toplevel.chr12.fa : chr # 48  "GL895112.1" chrStart: 76021760
Sus_scrofa.Sscrofa10.2.dna.toplevel.chr12.fa : chr # 49  "GL895012.1" chrStart: 76283904
Sus_scrofa.Sscrofa10.2.dna.toplevel.chr12.fa : chr # 50  "GL894912.1" chrStart: 76546048
Sus_scrofa.Sscrofa10.2.dna.toplevel.chr12.fa : chr # 51  "GL894812.1" chrStart: 76808192
Sus_scrofa.Sscrofa10.2.dna.toplevel.chr12.fa : chr # 52  "GL894712.1" chrStart: 77070336
Sus_scrofa.Sscrofa10.2.dna.toplevel.chr12.fa : chr # 53  "GL896124.1" chrStart: 77332480
Sus_scrofa.Sscrofa10.2.dna.toplevel.chr12.fa : chr # 54  "GL894612.1" chrStart: 77594624
Sus_scrofa.Sscrofa10.2.dna.toplevel.chr12.fa : chr # 55  "GL896126.1" chrStart: 77856768
Sus_scrofa.Sscrofa10.2.dna.toplevel.chr12.fa : chr # 56  "GL896121.1" chrStart: 78118912
Sus_scrofa.Sscrofa10.2.dna.toplevel.chr12.fa : chr # 57  "GL894512.1" chrStart: 78381056
Sus_scrofa.Sscrofa10.2.dna.toplevel.chr12.fa : chr # 58  "GL896123.1" chrStart: 78643200
Sus_scrofa.Sscrofa10.2.dna.toplevel.chr12.fa : chr # 59  "GL894412.1" chrStart: 78905344
Sus_scrofa.Sscrofa10.2.dna.toplevel.chr12.fa : chr # 60  "GL892128.1" chrStart: 79167488
Sus_scrofa.Sscrofa10.2.dna.toplevel.chr12.fa : chr # 61  "GL892127.1" chrStart: 79429632
Sus_scrofa.Sscrofa10.2.dna.toplevel.chr12.fa : chr # 62  "GL892125.1" chrStart: 79691776
Sus_scrofa.Sscrofa10.2.dna.toplevel.chr12.fa : chr # 63  "GL892122.1" chrStart: 79953920
Sus_scrofa.Sscrofa10.2.dna.toplevel.chr12.fa : chr # 64  "GL892121.1" chrStart: 80216064
Sus_scrofa.Sscrofa10.2.dna.toplevel.chr12.fa : chr # 65  "GL892120.1" chrStart: 80478208
Sus_scrofa.Sscrofa10.2.dna.toplevel.chr12.fa : chr # 66  "GL894212.1" chrStart: 80740352
Sus_scrofa.Sscrofa10.2.dna.toplevel.chr12.fa : chr # 67  "GL892112.1" chrStart: 81002496
Sus_scrofa.Sscrofa10.2.dna.toplevel.chr12.fa : chr # 68  "GL894112.1" chrStart: 81264640
Sus_scrofa.Sscrofa10.2.dna.toplevel.chr12.fa : chr # 69  "GL894123.1" chrStart: 81526784
Sus_scrofa.Sscrofa10.2.dna.toplevel.chr12.fa : chr # 70  "GL894012.1" chrStart: 81788928
Sus_scrofa.Sscrofa10.2.dna.toplevel.chr12.fa : chr # 71  "GL893912.1" chrStart: 82051072
Sus_scrofa.Sscrofa10.2.dna.toplevel.chr12.fa : chr # 72  "GL893812.1" chrStart: 82313216
Sus_scrofa.Sscrofa10.2.dna.toplevel.chr12.fa : chr # 73  "GL893712.1" chrStart: 82575360
Sus_scrofa.Sscrofa10.2.dna.toplevel.chr12.fa : chr # 74  "GL893612.1" chrStart: 82837504
Sus_scrofa.Sscrofa10.2.dna.toplevel.chr12.fa : chr # 75  "GL893512.1" chrStart: 83099648
Sus_scrofa.Sscrofa10.2.dna.toplevel.chr12.fa : chr # 76  "GL893412.1" chrStart: 83361792
Sus_scrofa.Sscrofa10.2.dna.toplevel.chr12.fa : chr # 77  "GL893312.1" chrStart: 83623936
Sus_scrofa.Sscrofa10.2.dna.toplevel.chr12.fa : chr # 78  "GL893112.1" chrStart: 83886080
Sus_scrofa.Sscrofa10.2.dna.toplevel.chr12.fa : chr # 79  "GL893123.1" chrStart: 84148224
Sus_scrofa.Sscrofa10.2.dna.toplevel.chr12.fa : chr # 80  "GL893012.1" chrStart: 84410368
Sus_scrofa.Sscrofa10.2.dna.toplevel.chr12.fa : chr # 81  "GL892912.1" chrStart: 84672512
Sus_scrofa.Sscrofa10.2.dna.toplevel.chr12.fa : chr # 82  "GL892812.1" chrStart: 84934656
Sus_scrofa.Sscrofa10.2.dna.toplevel.chr12.fa : chr # 83  "GL892712.1" chrStart: 85196800
Sus_scrofa.Sscrofa10.2.dna.toplevel.chr12.fa : chr # 84  "GL892612.1" chrStart: 85458944
Sus_scrofa.Sscrofa10.2.dna.toplevel.chr12.fa : chr # 85  "GL896612.1" chrStart: 85721088
Sus_scrofa.Sscrofa10.2.dna.toplevel.chr12.fa : chr # 86  "GL892512.1" chrStart: 85983232
Sus_scrofa.Sscrofa10.2.dna.toplevel.chr12.fa : chr # 87  "GL892412.1" chrStart: 86245376
Sus_scrofa.Sscrofa10.2.dna.toplevel.chr12.fa : chr # 88  "GL892312.1" chrStart: 86507520
Sus_scrofa.Sscrofa10.2.dna.toplevel.chr12.fa : chr # 89  "GL892124.1" chrStart: 86769664
Sus_scrofa.Sscrofa10.2.dna.toplevel.chr12.fa : chr # 90  "GL896129.1" chrStart: 87031808
Sus_scrofa.Sscrofa10.2.dna.toplevel.chr12.fa : chr # 91  "GL893212.1" chrStart: 87293952
Sus_scrofa.Sscrofa10.2.dna.toplevel.chr12.fa : chr # 92  "GL892212.1" chrStart: 87556096
Sus_scrofa.Sscrofa10.2.dna.toplevel.chr12.fa : chr # 93  "GL896128.1" chrStart: 87818240
Estimated genome size=289080384   88080384   201000000
GstrandBit=32
Number of SA indices: 39102544
Feb 07 13:34:26 ... starting to sort Suffix Array. This may take a long time...
Number of chunks: 16;   chunks size limit: 20854688 bytes
Feb 07 13:34:26 ... sorting Suffix Array chunks and saving them to disk...
Writing 12602008 bytes into Sscrofa10.2.chr12_star2.7.1a//SA_15 ; empty space on disk = 12404856455168 bytes ... done
Writing 20055088 bytes into Sscrofa10.2.chr12_star2.7.1a//SA_1 ; empty space on disk = 12404843806720 bytes ... done
Writing 20130624 bytes into Sscrofa10.2.chr12_star2.7.1a//SA_3 ; empty space on disk = 12404823654400 bytes ...Writing 20295752 bytes into Sscrofa10.2.chr12_star2.7.1a//SA_2 ; empty space on disk = 12404823654400 bytes ...Writing 20102448 bytes into Sscrofa10.2.chr12_star2.7.1a//SA_0 ; empty space on disk = 12404823654400 bytes ...Writing 19480608 bytes into Sscrofa10.2.chr12_star2.7.1a//SA_9 ; empty space on disk = 12404823654400 bytes ...Writing 20198416 bytes into Sscrofa10.2.chr12_star2.7.1a//SA_5 ; empty space on disk = 12404823654400 bytes ...Writing 20033504 bytes into Sscrofa10.2.chr12_star2.7.1a//SA_14 ; empty space on disk = 12404823654400 bytes ...Writing 19341880 bytes into Sscrofa10.2.chr12_star2.7.1a//SA_8 ; empty space on disk = 12404823654400 bytes ... done
 done
 done
 done
 done
 done
 done
Writing 19456632 bytes into Sscrofa10.2.chr12_star2.7.1a//SA_12 ; empty space on disk = 12404683177984 bytes ...Writing 19647784 bytes into Sscrofa10.2.chr12_star2.7.1a//SA_13 ; empty space on disk = 12404683112448 bytes ...Writing 20564264 bytes into Sscrofa10.2.chr12_star2.7.1a//SA_10 ; empty space on disk = 12404683112448 bytes ...Writing 20661096 bytes into Sscrofa10.2.chr12_star2.7.1a//SA_11 ; empty space on disk = 12404683046912 bytes ...Writing 20085056 bytes into Sscrofa10.2.chr12_star2.7.1a//SA_4 ; empty space on disk = 12404683046912 bytes ...Writing 19813472 bytes into Sscrofa10.2.chr12_star2.7.1a//SA_7 ; empty space on disk = 12404683046912 bytes ...Writing 20351720 bytes into Sscrofa10.2.chr12_star2.7.1a//SA_6 ; empty space on disk = 12404683046912 bytes ... done
 done
 done
 done
 done
 done
 done
Feb 07 13:34:31 ... loading chunks from disk, packing SA...
Feb 07 13:34:32 ... finished generating suffix array
Feb 07 13:34:32 ... generating Suffix Array index
Feb 07 13:34:38 ... completed Suffix Array index
Feb 07 13:34:38 ..... processing annotations GTF
Processing pGe.sjdbGTFfile=Sus_scrofa.Sscrofa10.2.86.chr12.gtf, found:
		1341 transcripts
		11378 exons (non-collapsed)
		8753 collapsed junctions
Feb 07 13:34:38 ..... finished GTF processing
Feb 07 13:34:38   Loaded database junctions from the GTF file: Sus_scrofa.Sscrofa10.2.86.chr12.gtf: 8753 total junctions

WARNING: long repeat for junction # 6039 : 12 46584459 46585526; left shift = 255; right shift = 28
Feb 07 13:34:38   Finished preparing junctions
Feb 07 13:34:38 ..... inserting junctions into the genome indices
Feb 07 13:34:39   Finished SA search: number of new junctions=8752, old junctions=0
Feb 07 13:34:39   Finished sorting SA indicesL nInd=3496360
Genome size with junctions=89839536  88080384   1759152
GstrandBit1=32   GstrandBit=32
Feb 07 13:34:40   Finished inserting junction indices
Feb 07 13:34:41   Finished SAi
Feb 07 13:34:41 ..... finished inserting junctions into genome
Feb 07 13:34:41 ... writing Genome to disk ...
Writing 89839536 bytes into Sscrofa10.2.chr12_star2.7.1a//Genome ; empty space on disk = 12404539359232 bytes ... done
SA size in bytes: 175720482
Feb 07 13:34:42 ... writing Suffix Array to disk ...
Writing 175720482 bytes into Sscrofa10.2.chr12_star2.7.1a//SA ; empty space on disk = 12404612235264 bytes ... done
Feb 07 13:34:43 ... writing SAindex to disk
Writing 8 bytes into Sscrofa10.2.chr12_star2.7.1a//SAindex ; empty space on disk = 12404435746816 bytes ... done
Writing 104 bytes into Sscrofa10.2.chr12_star2.7.1a//SAindex ; empty space on disk = 12404435746816 bytes ... done
Writing 97867091 bytes into Sscrofa10.2.chr12_star2.7.1a//SAindex ; empty space on disk = 12404435746816 bytes ... done
Feb 07 13:34:44 ..... finished successfully
DONE: Genome generation, EXITING
